// Jest Snapshot v1, https://goo.gl/fbAQLP

exports[`Sort has a valid snapshot 1`] = `
<button
  className="button-inline"
  onClick={[Function]}
  type="button"
>
  Sort
</button>
`;
